{
    "functionName": "assert_callback_data_is_as_expected",
    "className": null,
    "fileName": "/Neuraxio_&_Neuraxle/testing_&_steps_&_test_choose_one_or_many_steps_of.py",
    "projectName": "repos",
    "Label": false,
    "isTest": false,
    "Body": "for callback, expected_callback_data in zip(test_case.callbacks, test_case.\n    expected_callbacks_data):\n    if len(callback.data) > 0:\n        assert np.array_equal(np.array(callback.data[0]),\n            expected_callback_data)\n    else:\n        assert np.array_equal(np.array([]), np.array(expected_callback_data))\n"
}