{
    "functionName": "centers_expected",
    "className": "TestTimepointsFromImage",
    "fileName": "/Erik-White_&_ColonyScanalyser/tests_&_unit_&_test_colony.py",
    "projectName": "repos",
    "Label": false,
    "isTest": false,
    "Body": "yield request.param\npytest.fixture(params=[(3.9, 4.12), (1.5, 0.5), (6.0, 8.0)])"
}