{
    "functionName": "check_vars_dict_expected",
    "className": null,
    "fileName": "/fabioz_&_PyDev.Debugger/tests_python_&_test_suspended_frames_manager.py",
    "projectName": "repos",
    "Label": false,
    "isTest": false,
    "Body": "assert as_dict == expected\n"
}