{
    "functionName": "test_interface_returns_as_expected",
    "className": "TestBanditUCBViews",
    "fileName": "/Yelp_&_MOE/moe_&_tests_&_views_&_rest_&_bandit_ucb_test.py",
    "projectName": "repos",
    "Label": false,
    "isTest": true,
    "Body": "\"\"\"Integration test for the /bandit/ucb endpoint.\"\"\"\nself._test_interface_returns_as_expected()\n"
}