{
    "functionName": "test_instrument_default_ack_expected",
    "className": null,
    "fileName": "/Galvant_&_InstrumentKit/instruments_&_tests_&_test_base_instrument.py",
    "projectName": "repos",
    "Label": false,
    "isTest": true,
    "Body": "mock_filelike = mock.MagicMock()\nmock_filelike.__class__ = AbstractCommunicator\ninst = ik.Instrument(mock_filelike)\nassert inst._ack_expected() is None\nassert inst._ack_expected('foobar') is None\n"
}