{
    "functionName": "test_version_expected",
    "className": null,
    "fileName": "/EVEprosper_&_ProsperCommon/tests_&_test_prosper_version.py",
    "projectName": "repos",
    "Label": false,
    "isTest": true,
    "Body": "\"\"\"validate __version__ meets expectations\"\"\"\nwith open(VERSION_FILEPATH, 'r') as v_fh:\n    version_from_file = v_fh.read()\nversion_from_file = version_from_file.replace('v', '')\nassert version_from_file == version.__version__\nassert version_from_file == p_version.get_version(PROJECT_HERE_PATH)\n"
}